// Jest Snapshot v1, https://goo.gl/fbAQLP

exports[`renders correctly 1`] = `
<View
  accessible={true}
  focusable={false}
  isTVSelectable={true}
  onClick={[Function]}
  onResponderGrant={[Function]}
  onResponderMove={[Function]}
  onResponderRelease={[Function]}
  onResponderTerminate={[Function]}
  onResponderTerminationRequest={[Function]}
  onStartShouldSetResponder={[Function]}
  style={
    Object {
      "alignItems": "center",
      "backgroundColor": "#d7240f",
      "borderRadius": 4,
      "display": "flex",
      "flexDirection": "row",
      "justifyContent": "center",
      "minHeight": 40,
      "minWidth": 100,
      "opacity": 1,
    }
  }
>
  <Text
    style={
      Array [
        Object {
          "color": "#fff",
          "fontSize": 12,
          "fontWeight": "600",
          "textTransform": "uppercase",
        },
      ]
    }
  />
</View>
`;
